
[1m[46m RUN [49m[22m [36mv4.0.15 [39m[90mC:/Users/lspei/Documents/Projects/fullstack/pomar-na-mao/pomar-na-mao-desktop[39m

 [31m❯[39m src/app/ui/views/home/home.spec.ts [2m([22m[2m8 tests[22m[2m | [22m[31m8 failed[39m[2m)[22m[32m 10[2mms[22m[39m
[31m     [31m×[31m should create[39m[32m 5[2mms[22m[39m
[31m     [31m×[31m should render the dashboard container[39m[32m 1[2mms[22m[39m
[31m     [31m×[31m should display the map card[39m[32m 1[2mms[22m[39m
[31m     [31m×[31m should display the stats cards[39m[32m 0[2mms[22m[39m
[31m     [31m×[31m should display total trees count accurately[39m[32m 0[2mms[22m[39m
[31m     [31m×[31m should display the recent updates table component[39m[32m 0[2mms[22m[39m
[31m     [31m×[31m should display urgent health alerts[39m[32m 0[2mms[22m[39m
[31m     [31m×[31m should display the growth forecast chart with correct number of bars[39m[32m 0[2mms[22m[39m

[31m⎯⎯⎯⎯⎯⎯⎯[39m[1m[41m Failed Tests 8 [49m[22m[31m⎯⎯⎯⎯⎯⎯⎯[39m

[41m[1m FAIL [22m[49m src/app/ui/views/home/home.spec.ts[2m > [22mHome[2m > [22mshould create
[41m[1m FAIL [22m[49m src/app/ui/views/home/home.spec.ts[2m > [22mHome[2m > [22mshould render the dashboard container
[41m[1m FAIL [22m[49m src/app/ui/views/home/home.spec.ts[2m > [22mHome[2m > [22mshould display the map card
[41m[1m FAIL [22m[49m src/app/ui/views/home/home.spec.ts[2m > [22mHome[2m > [22mshould display the stats cards
[41m[1m FAIL [22m[49m src/app/ui/views/home/home.spec.ts[2m > [22mHome[2m > [22mshould display total trees count accurately
[41m[1m FAIL [22m[49m src/app/ui/views/home/home.spec.ts[2m > [22mHome[2m > [22mshould display the recent updates table component
[41m[1m FAIL [22m[49m src/app/ui/views/home/home.spec.ts[2m > [22mHome[2m > [22mshould display urgent health alerts
[41m[1m FAIL [22m[49m src/app/ui/views/home/home.spec.ts[2m > [22mHome[2m > [22mshould display the growth forecast chart with correct number of bars
[31m[1mError[22m: Need to call TestBed.initTestEnvironment() first[39m
[90m [2m❯[22m TestBedImpl.get compiler [as compiler] node_modules/@angular/core/fesm2022/testing.mjs:[2m1486:13[22m[39m
[90m [2m❯[22m TestBedImpl.configureTestingModule node_modules/@angular/core/fesm2022/testing.mjs:[2m1402:10[22m[39m
[90m [2m❯[22m Function.configureTestingModule node_modules/@angular/core/fesm2022/testing.mjs:[2m1273:33[22m[39m
[36m [2m❯[22m src/app/ui/views/home/home.spec.ts:[2m99:19[22m[39m
    [90m 97| [39m    }[33m;[39m
    [90m 98| [39m
    [90m 99| [39m    [35mawait[39m [33mTestBed[39m[33m.[39m[34mconfigureTestingModule[39m({
    [90m   | [39m                  [31m^[39m
    [90m100| [39m      imports[33m:[39m [[33mHome[39m[33m,[39m [33mTranslateModule[39m[33m.[39m[34mforRoot[39m()][33m,[39m
    [90m101| [39m      providers[33m:[39m [

[31m[2m⎯⎯⎯⎯⎯⎯⎯⎯⎯⎯⎯⎯⎯⎯⎯⎯⎯⎯⎯⎯⎯⎯⎯⎯[1/8]⎯[22m[39m


[2m Test Files [22m [1m[31m1 failed[39m[22m[90m (1)[39m
[2m      Tests [22m [1m[31m8 failed[39m[22m[90m (8)[39m
[2m   Start at [22m 07:18:26
[2m   Duration [22m 1.09s[2m (transform 299ms, setup 0ms, import 894ms, tests 10ms, environment 0ms)[22m

